// Vitest Snapshot v1, https://vitest.dev/guide/snapshot.html

exports[`excerpt snapshots > frontmatter is consistent 1`] = `
{
  "description": "using the default triple-dash delimiter to demarcate the end of the excerpt",
  "title": "Excerpt Default",
}
`;

exports[`excerpt snapshots > markdown is consistent 1`] = `
"
The default excerpt is assumed to be the text up to the triple-dash separator, so basically it is this text here.
---

# Hello

- A
- B
- **C**
"
`;
