// Vitest Snapshot v1, https://vitest.dev/guide/snapshot.html

exports[`using HEAD variables > when headEnabled property is set to \`false\`, behavior is same as the default 1`] = `
"
<script setup lang=\\"ts\\">
const title = \\"Hello World\\"
 const description = \\"testing is the path to true happiness\\"
 const excerpt = undefined
  defineExpose({ frontmatter: {\\"title\\":\\"Hello World\\",\\"description\\":\\"testing is the path to true happiness\\"}, excerpt: undefined })
</script>"
`;
